// Jest Snapshot v1, https://goo.gl/fbAQLP

exports[`BaseCard Componente n√£o alterado 1`] = `"<div class=\\"BaseCard\\"><!----> <div class=\\"BaseCard__content\\"></div> <div class=\\"BaseCard__footer\\"> <div class=\\"BaseCard__bottom-text\\"></div></div></div>"`;
