// Jest Snapshot v1, https://goo.gl/fbAQLP

exports[`TemperatureCard Componente n√£o alterado 1`] = `"<div class=\\"TemperatureCard\\"><basecard-stub title=\\"loading...\\" bottomtext=\\"Updated at \\"><basetemperature-stub temperature=\\"0\\" scale=\\"Celsius\\"></basetemperature-stub> <!----></basecard-stub></div>"`;
