// Jest Snapshot v1, https://goo.gl/fbAQLP

exports[`BaseLoading Componente n√£o alterado 1`] = `"<figure class=\\"BaseLoading\\"><img src=\\"loader.svg\\" alt=\\"WEATHERNOW Logo\\" class=\\"BaseLoading__img\\"></figure>"`;
