// Jest Snapshot v1, https://goo.gl/fbAQLP

exports[`TheHeader Componente n√£o alterado 1`] = `"<div class=\\"TheHeader\\"><div class=\\"TheHeader__logo\\"><baselogo-stub variation=\\"default\\"></baselogo-stub></div></div>"`;
