// Jest Snapshot v1, https://goo.gl/fbAQLP

exports[`BaseTemperature Componente não alterado 1`] = `
"<div class=\\"BaseTemperature BaseTemperature--red\\">
  30<span class=\\"BaseTemperature__scale\\">°</span></div>"
`;
